// Jest Snapshot v1, https://goo.gl/fbAQLP

exports[`test <CounterApp>/</CounterApp> debe hacer match con snapshot 1`] = `
<div>
  <h1>
    CounterApp
  </h1>
  <h2>
    10
  </h2>
  <button>
    +1
  </button>
  <button>
    -1
  </button>
  <button>
    resest
  </button>
</div>
`;
